current directory: C:/Users/Gabriel Anton/RomanulOnline/commandsapp/test/bundle/ruby/3.0.0/gems/bootsnap-1.9.1/ext/bootsnap
C:/Ruby30-x64/bin/ruby.exe -I C:/Ruby30-x64/lib/ruby/site_ruby/3.0.0 -r ./siteconf20211107-12340-u3i5fs.rb extconf.rb
creating Makefile

current directory: C:/Users/Gabriel Anton/RomanulOnline/commandsapp/test/bundle/ruby/3.0.0/gems/bootsnap-1.9.1/ext/bootsnap
make DESTDIR\= clean

current directory: C:/Users/Gabriel Anton/RomanulOnline/commandsapp/test/bundle/ruby/3.0.0/gems/bootsnap-1.9.1/ext/bootsnap
make DESTDIR\=
generating bootsnap-x64-mingw32.def
compiling bootsnap.c
linking shared-object bootsnap/bootsnap.so

current directory: C:/Users/Gabriel Anton/RomanulOnline/commandsapp/test/bundle/ruby/3.0.0/gems/bootsnap-1.9.1/ext/bootsnap
make DESTDIR\= install
/usr/bin/install -c -m 0755 bootsnap.so ./.gem.20211107-12340-j2nx6w/bootsnap
