current directory: C:/Users/Gabriel Anton/RomanulOnline/commandsapp/test/bundle/ruby/3.0.0/gems/nio4r-2.5.8/ext/nio4r
C:/Ruby30-x64/bin/ruby.exe -I C:/Ruby30-x64/lib/ruby/site_ruby/3.0.0 -r ./siteconf20211107-12340-k11lkh.rb extconf.rb

current directory: C:/Users/Gabriel Anton/RomanulOnline/commandsapp/test/bundle/ruby/3.0.0/gems/nio4r-2.5.8/ext/nio4r
make DESTDIR\= clean
make: *** No rule to make target 'clean'.  Stop.

current directory: C:/Users/Gabriel Anton/RomanulOnline/commandsapp/test/bundle/ruby/3.0.0/gems/nio4r-2.5.8/ext/nio4r
make DESTDIR\=
make: Nothing to be done for 'all'.

current directory: C:/Users/Gabriel Anton/RomanulOnline/commandsapp/test/bundle/ruby/3.0.0/gems/nio4r-2.5.8/ext/nio4r
make DESTDIR\= install
make: Nothing to be done for 'install'.
