current directory: C:/Users/Gabriel Anton/RomanulOnline/commandsapp/test/bundle/ruby/3.0.0/gems/bindex-0.8.1/ext/skiptrace
C:/Ruby30-x64/bin/ruby.exe -I C:/Ruby30-x64/lib/ruby/site_ruby/3.0.0 -r ./siteconf20211107-12340-emqyk0.rb extconf.rb
creating Makefile

current directory: C:/Users/Gabriel Anton/RomanulOnline/commandsapp/test/bundle/ruby/3.0.0/gems/bindex-0.8.1/ext/skiptrace
make DESTDIR\= clean

current directory: C:/Users/Gabriel Anton/RomanulOnline/commandsapp/test/bundle/ruby/3.0.0/gems/bindex-0.8.1/ext/skiptrace
make DESTDIR\=
generating cruby-x64-mingw32.def
compiling cruby.c
linking shared-object skiptrace/internal/cruby.so

current directory: C:/Users/Gabriel Anton/RomanulOnline/commandsapp/test/bundle/ruby/3.0.0/gems/bindex-0.8.1/ext/skiptrace
make DESTDIR\= install
/usr/bin/install -c -m 0755 cruby.so ./.gem.20211107-12340-axql77/skiptrace/internal
