current directory: C:/Users/Gabriel Anton/RomanulOnline/commandsapp/test/bundle/ruby/3.0.0/gems/racc-1.5.2/ext/racc/cparse
C:/Ruby30-x64/bin/ruby.exe -I C:/Ruby30-x64/lib/ruby/site_ruby/3.0.0 -r ./siteconf20211107-12340-8vlpt.rb extconf.rb
checking for rb_ary_subseq()... yes
creating Makefile

current directory: C:/Users/Gabriel Anton/RomanulOnline/commandsapp/test/bundle/ruby/3.0.0/gems/racc-1.5.2/ext/racc/cparse
make DESTDIR\= clean

current directory: C:/Users/Gabriel Anton/RomanulOnline/commandsapp/test/bundle/ruby/3.0.0/gems/racc-1.5.2/ext/racc/cparse
make DESTDIR\=
generating cparse-x64-mingw32.def
compiling cparse.c
linking shared-object racc/cparse.so

current directory: C:/Users/Gabriel Anton/RomanulOnline/commandsapp/test/bundle/ruby/3.0.0/gems/racc-1.5.2/ext/racc/cparse
make DESTDIR\= install
/usr/bin/install -c -m 0755 cparse.so ./.gem.20211107-12340-xa9569/racc
